
> lishing-app@0.1.0 build
> next build

Ôû▓ Next.js 16.1.0 (Turbopack)
- Environments: .env.local

  Creating an optimized production build ...
node.exe : 
En línea: 1 Carácter: 
1
+ & "C:\Program Files\
nodejs/node.exe" 
"C:\Program 
Files\nodejs/node_mo 
...
+ ~~~~~~~~~~~~~~~~~~~~
~~~~~~~~~~~~~~~~~~~~~~
~~~~~~~~~~~~~~~~~~~~~~
~~~~~
    + CategoryInfo    
          : NotSpeci  
  fied: (:String) [   
 ], RemoteExceptio    
n
    + FullyQualifiedE 
   rrorId : NativeCo  
  mmandError
 
> Build error occurred
Error: Turbopack 
build failed with 1 
errors:
./src/app/globals.css
Error evaluating 
Node.js code
Error: Cannot find 
module 'tailwindcss'
Require stack:
- C:\Users\PC\Desktop\
WEB LISHING\.next\buil
d\chunks\[root-of-the-
server]__51225daf._.js
- C:\Users\PC\Desktop\
WEB LISHING\.next\buil
d\chunks\[turbopack]_r
untime.js
- C:\Users\PC\Desktop\
WEB LISHING\.next\buil
d\postcss.js
    [at Module._resolv
eFilename (node:intern
al/modules/cjs/loader:
1421:15)]
    [at 
defaultResolveImpl (no
de:internal/modules/cj
s/loader:1059:19)]
    [at resolveForCJSW
ithHooks (node:interna
l/modules/cjs/loader:1
064:22)]
    [at Module._load (
node:internal/modules/
cjs/loader:1227:37)]
    [at TracingChannel
.traceSync (node:diagn
ostics_channel:328:14)
]
    [at 
wrapModuleLoad (node:i
nternal/modules/cjs/lo
ader:245:24)]
    [at 
Module.require (node:i
nternal/modules/cjs/lo
ader:1504:12)]
    [at require (node:
internal/modules/helpe
rs:152:16)]
    at turbopack:///[t
urbopack-node]/transfo
rms/postcss.ts:49:25 [
C:\Users\PC\Desktop\WE
B LISHING\.next\build\
chunks\[root-of-the-se
rver]__51225daf._.js:1
34:33]
    [at <anonymous>]

Import trace:
  Client Component 
Browser:
    
./src/app/globals.css 
[Client Component 
Browser]
    
./src/app/layout.tsx 
[Server Component]


    at ignore-listed 
frames
